// Jest Snapshot v1, https://goo.gl/fbAQLP

exports[`tokenize withHunk 1`] = `
{
  "new": [
    [
      {
        "type": "text",
        "value": "",
      },
    ],
    [
      {
        "type": "text",
        "value": "",
      },
    ],
    [
      {
        "type": "text",
        "value": "",
      },
    ],
    [
      {
        "type": "text",
        "value": "",
      },
    ],
    [
      {
        "type": "text",
        "value": "",
      },
    ],
    [
      {
        "type": "text",
        "value": "",
      },
    ],
    [
      {
        "type": "text",
        "value": "",
      },
    ],
    [
      {
        "type": "text",
        "value": "",
      },
    ],
    [
      {
        "type": "text",
        "value": "",
      },
    ],
    [
      {
        "type": "text",
        "value": "",
      },
    ],
    [
      {
        "type": "text",
        "value": "",
      },
    ],
    [
      {
        "type": "text",
        "value": "",
      },
    ],
    [
      {
        "type": "text",
        "value": "",
      },
    ],
    [
      {
        "type": "text",
        "value": "",
      },
    ],
    [
      {
        "type": "text",
        "value": "",
      },
    ],
    [
      {
        "type": "text",
        "value": "",
      },
    ],
    [
      {
        "type": "text",
        "value": "",
      },
    ],
    [
      {
        "type": "text",
        "value": "",
      },
    ],
    [
      {
        "type": "text",
        "value": "",
      },
    ],
    [
      {
        "type": "text",
        "value": "",
      },
    ],
    [
      {
        "type": "text",
        "value": "    test('App renders correctly', () => {",
      },
    ],
    [
      {
        "type": "text",
        "value": "        expect(renderer.create(<App diffText={'diff'} />).toJSON()).toMatchSnapshot();",
      },
    ],
    [
      {
        "type": "text",
        "value": "    });",
      },
    ],
  ],
  "old": [
    [
      {
        "type": "text",
        "value": "",
      },
    ],
    [
      {
        "type": "text",
        "value": "",
      },
    ],
    [
      {
        "type": "text",
        "value": "",
      },
    ],
    [
      {
        "type": "text",
        "value": "",
      },
    ],
    [
      {
        "type": "text",
        "value": "",
      },
    ],
    [
      {
        "type": "text",
        "value": "",
      },
    ],
    [
      {
        "type": "text",
        "value": "",
      },
    ],
    [
      {
        "type": "text",
        "value": "",
      },
    ],
    [
      {
        "type": "text",
        "value": "",
      },
    ],
    [
      {
        "type": "text",
        "value": "",
      },
    ],
    [
      {
        "type": "text",
        "value": "",
      },
    ],
    [
      {
        "type": "text",
        "value": "",
      },
    ],
    [
      {
        "type": "text",
        "value": "",
      },
    ],
    [
      {
        "type": "text",
        "value": "",
      },
    ],
    [
      {
        "type": "text",
        "value": "",
      },
    ],
    [
      {
        "type": "text",
        "value": "",
      },
    ],
    [
      {
        "type": "text",
        "value": "",
      },
    ],
    [
      {
        "type": "text",
        "value": "",
      },
    ],
    [
      {
        "type": "text",
        "value": "",
      },
    ],
    [
      {
        "type": "text",
        "value": "",
      },
    ],
    [
      {
        "type": "text",
        "value": "    test('App renders correctly', () => {",
      },
    ],
    [
      {
        "type": "text",
        "value": "        expect(renderer.create(<App diffText={'deff'} />).toJSON()).toMatchSnapshot();",
      },
    ],
    [
      {
        "type": "text",
        "value": "    });",
      },
    ],
  ],
}
`;
